To honour the JVM settings for this build a single-use Daemon process will be forked. See https://docs.gradle.org/8.1.1/userguide/gradle_daemon.html#sec:disabling_the_daemon.
Daemon will be stopped at the end of the build 

> Configure project :
Fabric Loom: 1.3.10
gradlew.bat : 
所在位置 行:5 字符: 1
+ & .\gradlew.bat build --no-daemon 2>&1 | Tee-Object -FilePath "$base\ ...
+ ~~~~~~~~~~~~~~~~~~~~~~~~~~~~~~~~~~~~~~
    + CategoryInfo          : NotSpecified: (:String) [], RemoteException
    + FullyQualifiedErrorId : NativeCommandError
 
FAILURE: Build failed with an exception.

* Where:
Build file 'C:\Users\linran\Doubao\chats\2026-08-30\new-chat\minigame-fabric-1.20.1\build.gradle' line: 7

* What went wrong:
A problem occurred evaluating root project 'minigame-fabric-1.20.1'.
> Could not get unknown property 'maven_group' for root project 'minigame-fabric-1.20.1' of type org.gradle.api.Project
.

* Try:
> Run with --stacktrace option to get the stack trace.
> Run with --info or --debug option to get more log output.
> Run with --scan to get full insights.

* Get more help at https://help.gradle.org

BUILD FAILED in 16s
